test_external_evidence_paths_are_rejected (test_optimization_evidence.OptimizationEvidenceTests.test_external_evidence_paths_are_rejected) ... ERROR
test_report_and_source_replacement_invalidates_evidence (test_optimization_evidence.OptimizationEvidenceTests.test_report_and_source_replacement_invalidates_evidence) ... ERROR

======================================================================
ERROR: test_external_evidence_paths_are_rejected (test_optimization_evidence.OptimizationEvidenceTests.test_external_evidence_paths_are_rejected)
----------------------------------------------------------------------
Traceback (most recent call last):
  File "<skills-repository>/tests/test_optimization_evidence.py", line 24, in test_external_evidence_paths_are_rejected
    module=importlib.util.module_from_spec(spec);spec.loader.exec_module(module)
                                                 ~~~~~~~~~~~~~~~~~~~~~~~^^^^^^^^
  File "<frozen importlib._bootstrap_external>", line 1022, in exec_module
  File "<frozen importlib._bootstrap_external>", line 1159, in get_code
  File "<frozen importlib._bootstrap_external>", line 1217, in get_data
FileNotFoundError: [Errno 2] No such file or directory: '<skills-repository>/scripts/verify_optimization_evidence.py'

======================================================================
ERROR: test_report_and_source_replacement_invalidates_evidence (test_optimization_evidence.OptimizationEvidenceTests.test_report_and_source_replacement_invalidates_evidence)
----------------------------------------------------------------------
Traceback (most recent call last):
  File "<skills-repository>/tests/test_optimization_evidence.py", line 12, in test_report_and_source_replacement_invalidates_evidence
    module=importlib.util.module_from_spec(spec);spec.loader.exec_module(module)
                                                 ~~~~~~~~~~~~~~~~~~~~~~~^^^^^^^^
  File "<frozen importlib._bootstrap_external>", line 1022, in exec_module
  File "<frozen importlib._bootstrap_external>", line 1159, in get_code
  File "<frozen importlib._bootstrap_external>", line 1217, in get_data
FileNotFoundError: [Errno 2] No such file or directory: '<skills-repository>/scripts/verify_optimization_evidence.py'

----------------------------------------------------------------------
Ran 2 tests in 0.001s

FAILED (errors=2)
