Readonly immutable HEAD baseline replay; final target tests copied into isolated archive.
test_artboard_change_rejected (test_brand_variant_guard.BrandVariantGuardTests.test_artboard_change_rejected) ... ok
test_authoring_models_and_tints_preserve_their_native_semantics (test_brand_variant_guard.BrandVariantGuardTests.test_authoring_models_and_tints_preserve_their_native_semantics) ... 
  test_authoring_models_and_tints_preserve_their_native_semantics (test_brand_variant_guard.BrandVariantGuardTests.test_authoring_models_and_tints_preserve_their_native_semantics) (model='cmyk') ... ERROR
  test_authoring_models_and_tints_preserve_their_native_semantics (test_brand_variant_guard.BrandVariantGuardTests.test_authoring_models_and_tints_preserve_their_native_semantics) (model='gray') ... ERROR
  test_authoring_models_and_tints_preserve_their_native_semantics (test_brand_variant_guard.BrandVariantGuardTests.test_authoring_models_and_tints_preserve_their_native_semantics) (model='lab') ... ERROR
test_consumer_container_cannot_reorder_children (test_brand_variant_guard.BrandVariantGuardTests.test_consumer_container_cannot_reorder_children) ... ok
test_consumer_deleted_is_not_a_legal_color_update (test_brand_variant_guard.BrandVariantGuardTests.test_consumer_deleted_is_not_a_legal_color_update) ... ok
test_consumer_noncolor_fields_cannot_change (test_brand_variant_guard.BrandVariantGuardTests.test_consumer_noncolor_fields_cannot_change) ... 
  test_consumer_noncolor_fields_cannot_change (test_brand_variant_guard.BrandVariantGuardTests.test_consumer_noncolor_fields_cannot_change) (field='closed') ... FAIL
  test_consumer_noncolor_fields_cannot_change (test_brand_variant_guard.BrandVariantGuardTests.test_consumer_noncolor_fields_cannot_change) (field='text') ... FAIL
  test_consumer_noncolor_fields_cannot_change (test_brand_variant_guard.BrandVariantGuardTests.test_consumer_noncolor_fields_cannot_change) (field='transform') ... FAIL
  test_consumer_noncolor_fields_cannot_change (test_brand_variant_guard.BrandVariantGuardTests.test_consumer_noncolor_fields_cannot_change) (field='appearance') ... FAIL
test_duplicate_or_invalid_native_id_fails_closed (test_brand_variant_guard.BrandVariantGuardTests.test_duplicate_or_invalid_native_id_fails_closed) ... ok
test_expected_color_requires_every_bound_field_to_reach_target (test_brand_variant_guard.BrandVariantGuardTests.test_expected_color_requires_every_bound_field_to_reach_target) ... ERROR
test_linked_shapes_and_text_only_change (test_brand_variant_guard.BrandVariantGuardTests.test_linked_shapes_and_text_only_change) ... ok
test_new_deleted_objects_and_container_property_changes_rejected (test_brand_variant_guard.BrandVariantGuardTests.test_new_deleted_objects_and_container_property_changes_rejected) ... ok
test_same_rgb_nonconsumer_changes_report_wrong_edge (test_brand_variant_guard.BrandVariantGuardTests.test_same_rgb_nonconsumer_changes_report_wrong_edge) ... ok
test_target_swatch_and_unrelated_palette_entries_are_checked (test_brand_variant_guard.BrandVariantGuardTests.test_target_swatch_and_unrelated_palette_entries_are_checked) ... ERROR
test_valid_noop_and_missing_consumers_are_explicit (test_brand_variant_guard.BrandVariantGuardTests.test_valid_noop_and_missing_consumers_are_explicit) ... ERROR

======================================================================
ERROR: test_authoring_models_and_tints_preserve_their_native_semantics (test_brand_variant_guard.BrandVariantGuardTests.test_authoring_models_and_tints_preserve_their_native_semantics) (model='cmyk')
----------------------------------------------------------------------
Traceback (most recent call last):
  File "<temporary-path>", line 145, in test_authoring_models_and_tints_preserve_their_native_semantics
    report=self.module.inspect_update(before,after,'Brand Primary',target)
TypeError: inspect_update() takes 3 positional arguments but 4 were given

======================================================================
ERROR: test_authoring_models_and_tints_preserve_their_native_semantics (test_brand_variant_guard.BrandVariantGuardTests.test_authoring_models_and_tints_preserve_their_native_semantics) (model='gray')
----------------------------------------------------------------------
Traceback (most recent call last):
  File "<temporary-path>", line 145, in test_authoring_models_and_tints_preserve_their_native_semantics
    report=self.module.inspect_update(before,after,'Brand Primary',target)
TypeError: inspect_update() takes 3 positional arguments but 4 were given

======================================================================
ERROR: test_authoring_models_and_tints_preserve_their_native_semantics (test_brand_variant_guard.BrandVariantGuardTests.test_authoring_models_and_tints_preserve_their_native_semantics) (model='lab')
----------------------------------------------------------------------
Traceback (most recent call last):
  File "<temporary-path>", line 145, in test_authoring_models_and_tints_preserve_their_native_semantics
    report=self.module.inspect_update(before,after,'Brand Primary',target)
TypeError: inspect_update() takes 3 positional arguments but 4 were given

======================================================================
ERROR: test_expected_color_requires_every_bound_field_to_reach_target (test_brand_variant_guard.BrandVariantGuardTests.test_expected_color_requires_every_bound_field_to_reach_target)
----------------------------------------------------------------------
Traceback (most recent call last):
  File "<temporary-path>", line 103, in test_expected_color_requires_every_bound_field_to_reach_target
    report = self.module.inspect_update(before, after, 'Brand Primary', '#175cce')
TypeError: inspect_update() takes 3 positional arguments but 4 were given

======================================================================
ERROR: test_target_swatch_and_unrelated_palette_entries_are_checked (test_brand_variant_guard.BrandVariantGuardTests.test_target_swatch_and_unrelated_palette_entries_are_checked)
----------------------------------------------------------------------
Traceback (most recent call last):
  File "<temporary-path>", line 125, in test_target_swatch_and_unrelated_palette_entries_are_checked
    report = self.module.inspect_update(before, after, 'Brand Primary', '#175cce')
TypeError: inspect_update() takes 3 positional arguments but 4 were given

======================================================================
ERROR: test_valid_noop_and_missing_consumers_are_explicit (test_brand_variant_guard.BrandVariantGuardTests.test_valid_noop_and_missing_consumers_are_explicit)
----------------------------------------------------------------------
Traceback (most recent call last):
  File "<temporary-path>", line 109, in test_valid_noop_and_missing_consumers_are_explicit
    report = self.module.inspect_update(before, before, 'Brand Primary', '#2366e8')
TypeError: inspect_update() takes 3 positional arguments but 4 were given

======================================================================
FAIL: test_consumer_noncolor_fields_cannot_change (test_brand_variant_guard.BrandVariantGuardTests.test_consumer_noncolor_fields_cannot_change) (field='closed')
----------------------------------------------------------------------
Traceback (most recent call last):
  File "<temporary-path>", line 96, in test_consumer_noncolor_fields_cannot_change
    self.assertEqual(report['status'], 'failed')
    ~~~~~~~~~~~~~~~~^^^^^^^^^^^^^^^^^^^^^^^^^^^^
AssertionError: 'passed' != 'failed'
- passed
+ failed


======================================================================
FAIL: test_consumer_noncolor_fields_cannot_change (test_brand_variant_guard.BrandVariantGuardTests.test_consumer_noncolor_fields_cannot_change) (field='text')
----------------------------------------------------------------------
Traceback (most recent call last):
  File "<temporary-path>", line 96, in test_consumer_noncolor_fields_cannot_change
    self.assertEqual(report['status'], 'failed')
    ~~~~~~~~~~~~~~~~^^^^^^^^^^^^^^^^^^^^^^^^^^^^
AssertionError: 'passed' != 'failed'
- passed
+ failed


======================================================================
FAIL: test_consumer_noncolor_fields_cannot_change (test_brand_variant_guard.BrandVariantGuardTests.test_consumer_noncolor_fields_cannot_change) (field='transform')
----------------------------------------------------------------------
Traceback (most recent call last):
  File "<temporary-path>", line 96, in test_consumer_noncolor_fields_cannot_change
    self.assertEqual(report['status'], 'failed')
    ~~~~~~~~~~~~~~~~^^^^^^^^^^^^^^^^^^^^^^^^^^^^
AssertionError: 'passed' != 'failed'
- passed
+ failed


======================================================================
FAIL: test_consumer_noncolor_fields_cannot_change (test_brand_variant_guard.BrandVariantGuardTests.test_consumer_noncolor_fields_cannot_change) (field='appearance')
----------------------------------------------------------------------
Traceback (most recent call last):
  File "<temporary-path>", line 96, in test_consumer_noncolor_fields_cannot_change
    self.assertEqual(report['status'], 'failed')
    ~~~~~~~~~~~~~~~~^^^^^^^^^^^^^^^^^^^^^^^^^^^^
AssertionError: 'passed' != 'failed'
- passed
+ failed


----------------------------------------------------------------------
Ran 12 tests in 0.012s

FAILED (failures=4, errors=6)
